[moula.com.au/index.html]
[backblue.gif]
[fade.gif]
[index.html]
[moula.com.au/feed]
[moula.com.au/wp-content/plugins/js_composer/assets/css/js_composer.min31dc.css]
[moula.com.au/wp-content/plugins/better-click-to-tweet/assets/css/styles6aec.css]
[moula.com.au/wp-content/themes/Total/style234d.css]
[moula.com.au/wp-content/themes/moula-total/style37be.css]
[moula.com.au/wp-content/themes/Total/assets/css/wpex-mobile-menu-breakpoint-max7263.css]
[moula.com.au/wp-content/themes/Total/assets/css/wpex-mobile-menu-breakpoint-min7263.css]
[moula.com.au/wp-content/themes/Total/assets/css/wpex-wpbakery7263.css]
[moula.com.au/wp-content/themes/Total/assets/lib/ticons/css/ticons.min7263.css]
[moula.com.au/wp-content/themes/Total/assets/css/vcex-shortcodes7263.css]
[moula.com.au/wp-content/plugins/a3-lazy-load/assets/css/jquery.lazyloadxt.fadein1eb7.css]
[moula.com.au/wp-content/uploads/sass/a3_lazy_load.minfde9.css]
[moula.com.au/wp-content/plugins/svg-support/vendor/DOMPurify/DOMPurify.minf269.js]
[moula.com.au/wp-includes/js/jquery/jquery.minaf6c.js]
[moula.com.au/wp-includes/js/jquery/jquery-migrate.mind617.js]
[moula.com.au/wp-content/plugins/svg-support/js/min/svgs-inline-minf269.js]
[moula.com.au/wp-json/wp/v2/pages/6763.json]
[moula.com.au/wp-json/index.html]
[moula.com.au/xmlrpc.130db0.delayed]
[moula.com.au/wp-includes/wlwmanifest.xml]
[moula.com.au/wp-json/oembed/1.0/embed2acd.json]
[moula.com.au/wp-json/oembed/1.0/embedbb90]
[moula.com.au/wp-content/uploads/2019/12/Moula-Icon-RGB.png]
[moula.com.au/wp-content/themes/Total/assets/lib/ticons/fonts/ticons.woff2]
[moula.com.au/assets/fonts/cloud.typography/641278/2165958921E16EF55.css]
[moula.com.au/wp-content/uploads/2021/04/Moula_LetsTalk_BusinessLoans_Applystrip154c.jpg]
[moula.com.au/wp-content/uploads/2018/02/Peaceofmind.svg]
[moula.com.au/wp-content/uploads/2018/02/Trust.svg]
[moula.com.au/wp-content/uploads/2019/08/Moula_RGB.png]
[moula.com.au/business-loan-calculator.html]
[moula.com.au/smart-box.html]
[moula.com.au/partner-program.html]
[moula.com.au/good-business.html]
[moula.com.au/blog.html]
[moula.com.au/about-us.html]
[moula.com.au/careers.html]
[moula.com.au/in-the-news.html]
[moula.com.au/faq.html]
[moula.com.au/contact-us.html]
[moula.com.au/get-started.html]
[moula.com.au/wp-content/plugins/a3-lazy-load/assets/images/lazy_placeholder.gif]
[moula.com.au/wp-content/uploads/2020/01/Moula_RGB.png]
[moula.com.au/wp-content/uploads/2018/01/Cashflow.svg]
[moula.com.au/wp-content/uploads/2019/06/Inventory-MP.svg]
[moula.com.au/wp-content/uploads/2018/01/Overheads.svg]
[moula.com.au/wp-content/uploads/2018/01/PayDebts.svg]
[moula.com.au/terms-and-conditions.html]
[moula.com.au/wp-content/uploads/2021/05/WhiteClover_570x321.jpg]
[moula.com.au/wp-content/uploads/2021/05/Scratch_570x321.jpg]
[widget.trustpilot.com/bootstrap/v5/tp.widget.bootstrap.min.js]
[moula.com.au/wp-content/uploads/2018/01/Business-Loan-Details.svg]
[moula.com.au/wp-content/uploads/2018/01/Link-Business-Loan-Data.svg]
[moula.com.au/wp-content/uploads/2018/01/Get-Business-Funds.svg]
[moula.com.au/wp-content/uploads/2019/03/AFIA-Moula-Business-Loan-Compliant.png]
[moula.com.au/press-resources.html]
[moula.com.au/privacy-and-credit-policies.html]
[moula.com.au/feedback.html]
[moula.com.au/wp-content/themes/Total/assets/lib/hover-css/hover-css.min7406.css]
[moula.com.au/wp-content/plugins/js_composer/assets/lib/bower/font-awesome/css/v4-shims.min31dc.css]
[moula.com.au/wp-content/plugins/js_composer/assets/lib/bower/font-awesome/css/all.min31dc.css]
[moula.com.au/wp-content/themes/Total/assets/lib/fancybox/jquery.fancybox.minf8ee.css]
[moula.com.au/wp-content/themes/Total/assets/css/fancybox-skins/wpex-fancybox-light5152.css]
[moula.com.au/wp-content/plugins/js_composer/assets/css/js_composer_tta.min31dc.css]
[moula.com.au/wp-content/plugins/duracelltomi-google-tag-manager/js/gtm4wp-form-move-tracker34dd.js]
[moula.com.au/wp-content/themes/moula-total/js/custom-scripts.min37be.js]
[moula.com.au/wp-content/themes/Total/assets/js/vendors/sidr.min6e0e.js]
[moula.com.au/wp-includes/js/hoverIntent.min3e5a.js]
[moula.com.au/wp-content/themes/Total/assets/js/dynamic/wpex-superfish.min7263.js]
[moula.com.au/wp-content/themes/Total/assets/js/vendors/jquery.easing.min9e1e.js]
[moula.com.au/wp-content/themes/Total/assets/js/total.min7263.js]
[moula.com.au/wp-content/plugins/a3-lazy-load/assets/js/jquery.lazyloadxt.extra.minc141.js]
[moula.com.au/wp-content/plugins/a3-lazy-load/assets/js/jquery.lazyloadxt.srcset.minc141.js]
[moula.com.au/wp-content/plugins/a3-lazy-load/assets/js/jquery.lazyloadxt.extendc141.js]
[moula.com.au/wp-content/plugins/js_composer/assets/js/dist/js_composer_front.min31dc.js]
[moula.com.au/wp-content/themes/Total/assets/lib/fancybox/jquery.fancybox.minf8ee.js]
[moula.com.au/wp-content/themes/Total/assets/js/dynamic/wpex-fancybox.min7263.js]
[moula.com.au/wp-content/plugins/js_composer/assets/lib/vc_accordion/vc-accordion.min31dc.js]
[moula.com.au/wp-content/plugins/js_composer/assets/lib/vc-tta-autoplay/vc-tta-autoplay.min31dc.js]
[moula.com.au/wp-content/plugins/js_composer/assets/lib/vc_tabs/vc-tabs.min31dc.js]
[moula.com.au/index.html]
[moula.com.au/wp-content/themes/Total/assets/js/dynamic/wpbakery/wpex-vc_tabs-accessibility.min7263.js]
[moula.com.au/wp-content/plugins/js_composer/assets/vc/alert.png]
[moula.com.au/wp-content/plugins/js_composer/assets/vc/info.png]
[moula.com.au/wp-content/plugins/js_composer/assets/vc/tick.png]
[moula.com.au/wp-content/plugins/js_composer/assets/vc/exclamation.png]
[moula.com.au/wp-content/plugins/js_composer/assets/images/icons/address-book.png]
[moula.com.au/wp-content/plugins/js_composer/assets/images/icons/alarm-clock.png]
[moula.com.au/wp-content/plugins/js_composer/assets/images/icons/anchor.png]
[moula.com.au/wp-content/plugins/js_composer/assets/images/icons/application-image.png]
[moula.com.au/wp-content/plugins/js_composer/assets/images/icons/arrow.png]
[moula.com.au/wp-content/plugins/js_composer/assets/images/icons/asterisk.png]
[moula.com.au/wp-content/plugins/js_composer/assets/images/icons/auction-hammer.png]
[moula.com.au/wp-content/plugins/js_composer/assets/images/icons/balloon.png]
[moula.com.au/wp-content/plugins/js_composer/assets/images/icons/balloon-buzz.png]
[moula.com.au/wp-content/plugins/js_composer/assets/images/icons/balloon-facebook.png]
[moula.com.au/wp-content/plugins/js_composer/assets/images/icons/balloon-twitter.png]
[moula.com.au/wp-content/plugins/js_composer/assets/images/icons/battery-full.png]
[moula.com.au/wp-content/plugins/js_composer/assets/images/icons/binocular.png]
[moula.com.au/wp-content/plugins/js_composer/assets/images/icons/blue-document-excel.png]
[moula.com.au/wp-content/plugins/js_composer/assets/images/icons/blue-document-image.png]
[moula.com.au/wp-content/plugins/js_composer/assets/images/icons/blue-document-music.png]
[moula.com.au/wp-content/plugins/js_composer/assets/images/icons/blue-document-office.png]
[moula.com.au/wp-content/plugins/js_composer/assets/images/icons/blue-document-pdf.png]
[moula.com.au/wp-content/plugins/js_composer/assets/images/icons/blue-document-powerpoint.png]
[moula.com.au/wp-content/plugins/js_composer/assets/images/icons/blue-document-word.png]
[moula.com.au/wp-content/plugins/js_composer/assets/images/icons/bookmark.png]
[moula.com.au/wp-content/plugins/js_composer/assets/images/icons/camcorder.png]
[moula.com.au/wp-content/plugins/js_composer/assets/images/icons/camera.png]
[moula.com.au/wp-content/plugins/js_composer/assets/images/icons/chart.png]
[moula.com.au/wp-content/plugins/js_composer/assets/images/icons/chart-pie.png]
[moula.com.au/wp-content/plugins/js_composer/assets/images/icons/clock.png]
[moula.com.au/wp-content/plugins/js_composer/assets/images/icons/control.png]
[moula.com.au/wp-content/plugins/js_composer/assets/images/icons/fire.png]
[moula.com.au/wp-content/plugins/js_composer/assets/images/icons/heart.png]
[moula.com.au/wp-content/plugins/js_composer/assets/images/icons/mail.png]
[moula.com.au/wp-content/plugins/js_composer/assets/images/icons/plus-shield.png]
[moula.com.au/wp-content/plugins/js_composer/assets/images/icons/video.png]
[moula.com.au/wp-content/plugins/js_composer/assets/fonts/vc_icons_v2/fonts/vcpb-plugin-iconsb82a.eot]
[moula.com.au/wp-content/plugins/js_composer/assets/fonts/vc_icons_v2/fonts/vcpb-plugin-iconsb82a.ttf]
[moula.com.au/wp-content/plugins/js_composer/assets/fonts/vc_icons_v2/fonts/vcpb-plugin-iconsb82a.woff]
[moula.com.au/wp-content/plugins/js_composer/assets/fonts/vc_icons_v2/fonts/vcpb-plugin-iconsb82a.svg]
[moula.com.au/wp-content/plugins/js_composer/assets/images/toggle_open.png]
[moula.com.au/wp-content/plugins/js_composer/assets/images/toggle_close.png]
[moula.com.au/wp-content/plugins/js_composer/assets/images/flickr.png]
[moula.com.au/wp-content/plugins/js_composer/assets/vc/blur.svg]
[moula.com.au/wp-content/plugins/js_composer/assets/fonts/vc_grid/vc_grid_v157a1.eot]
[moula.com.au/wp-content/plugins/js_composer/assets/fonts/vc_grid/vc_grid_v1d41d.eot]
[moula.com.au/wp-content/plugins/js_composer/assets/fonts/vc_grid/vc_grid_v157a1.woff]
[moula.com.au/wp-content/plugins/js_composer/assets/fonts/vc_grid/vc_grid_v157a1.ttf]
[moula.com.au/wp-content/plugins/js_composer/assets/fonts/vc_grid/vc_grid_v157a1.svg]
[moula.com.au/wp-content/plugins/js_composer/assets/images/spinner.gif]
[moula.com.au/wp-content/plugins/js_composer/assets/vc/remove.png]
[moula.com.au/wp-content/plugins/js_composer/assets/css/js_composer.min31dc.css]
[moula.com.au/wp-content/plugins/better-click-to-tweet/assets/img/birdy.png]
[moula.com.au/wp-content/plugins/better-click-to-tweet/assets/css/styles6aec.css]
[moula.com.au/wp-content/themes/Total/assets/images/quote.png]
[moula.com.au/wp-content/themes/Total/assets/images/dotted-overlay.png]
[moula.com.au/wp-content/themes/Total/assets/images/dashed-overlay.png]
[moula.com.au/wp-content/themes/Total/style234d.css]
[moula.com.au/wp-content/themes/Total/assets/cursors/close.ico]
[moula.com.au/wp-content/themes/moula-total/images/content/callout-bg-v4.jpg]
[moula.com.au/wp-content/themes/moula-total/assets/cursors/close-white.ico]
[moula.com.au/wp-content/themes/moula-total/assets/cursors/close-white2x.ico]
[moula.com.au/wp-content/themes/moula/images/content/icons/play.svg]
[moula.com.au/wp-content/themes/moula-total/style37be.css]
[moula.com.au/wp-content/themes/Total/assets/css/wpex-mobile-menu-breakpoint-max7263.css]
[moula.com.au/wp-content/themes/Total/assets/css/wpex-mobile-menu-breakpoint-min7263.css]
[moula.com.au/wp-content/themes/Total/assets/css/wpex-wpbakery7263.css]
[moula.com.au/wp-content/themes/Total/assets/lib/ticons/fonts/ticons.eot]
[moula.com.au/wp-content/themes/Total/assets/lib/ticons/fonts/ticons.woff]
[moula.com.au/wp-content/themes/Total/assets/lib/ticons/css/ticons.min7263.css]
[moula.com.au/wp-content/themes/Total/assets/lib/ticons/fonts/ticons.ttf]
[moula.com.au/wp-content/themes/Total/assets/lib/ticons/fonts/ticons.svg]
[moula.com.au/wp-content/themes/Total/assets/images/bullets/check.png]
[moula.com.au/wp-content/themes/Total/assets/images/bullets/gray.png]
[moula.com.au/wp-content/themes/Total/assets/images/bullets/blue.png]
[moula.com.au/wp-content/themes/Total/assets/images/bullets/red.png]
[moula.com.au/wp-content/themes/Total/assets/images/bullets/purple.png]
[moula.com.au/wp-content/themes/Total/assets/images/dotted.png]
[moula.com.au/wp-content/themes/Total/assets/css/vcex-shortcodes7263.css]
[moula.com.au/wp-content/plugins/a3-lazy-load/assets/css/jquery.lazyloadxt.fadein1eb7.css]
[moula.com.au/wp-content/uploads/sass/a3_lazy_load.minfde9.css]
[moula.com.au/xmlrpc0db0.html]
[moula.com.au/assets/fonts/cloud.typography/641278/2165958921E16EF55.css]
[moula.com.au/wp-content/uploads/2018/02/Peaceofmind.svg]
[moula.com.au/wp-content/uploads/2018/02/Trust.svg]
[moula.com.au/wp-content/themes/moula-total/css/pages/pricing.min37be.css]
[moula.com.au/wp-json/wp/v2/pages/71.json]
[moula.com.au/wp-json/oembed/1.0/embed79ea.json]
[moula.com.au/wp-json/oembed/1.0/embed921d]
[moula.com.au/wp-content/uploads/2018/10/Business-Loan-Calculator-ROIaa02.jpg]
[moula.com.au/wp-content/uploads/2017/09/calc-feature-bg-2.jpg]
[moula.com.au/wp-content/uploads/2019/03/Calculator_white.svg]
[moula.com.au/wp-content/uploads/resources/Moula_Fee_statement_June20.pdf]
[moula.com.au/business-loan-calculator.html]
[moula.com.au/wp-content/themes/moula-total/css/pages/smartbox.min37be.css]
[moula.com.au/wp-json/wp/v2/pages/13645.json]
[moula.com.au/wp-json/oembed/1.0/embedbf0a.json]
[moula.com.au/wp-json/oembed/1.0/embed53b2]
[moula.com.au/wp-content/uploads/2019/01/SMART-Box-Business-Loan-Comparison-Tool.png]
[moula.com.au/smart-box.html]
[moula.com.au/wp-content/themes/moula-total/css/pages/partner-program.min37be.css]
[moula.com.au/wp-json/wp/v2/pages/483.json]
[moula.com.au/wp-json/oembed/1.0/embede534.json]
[moula.com.au/wp-json/oembed/1.0/embed4f30]
[moula.com.au/wp-content/uploads/2021/04/Moula_LetsTalk_Partner_mob83fc.jpg]
[moula.com.au/wp-content/uploads/2020/05/BestProduct.svg]
[moula.com.au/wp-content/uploads/2018/06/ApplicationFees.svg]
[moula.com.au/wp-content/uploads/2018/07/Faster.svg]
[moula.com.au/wp-content/uploads/2019/09/Growth.svg]
[moula.com.au/partner-program.html]
[moula.com.au/wp-content/uploads/2019/09/Moula_RGB_Reverse.svg]
[moula.com.au/wp-content/themes/moula-total/css/pages/customer-stories.min37be.css]
[moula.com.au/wp-json/wp/v2/pages/1378.json]
[moula.com.au/wp-json/oembed/1.0/embed4816.json]
[moula.com.au/wp-json/oembed/1.0/embed609e]
[moula.com.au/success-stories/eloments.html]
[moula.com.au/wp-content/uploads/2021/07/ElomentsTea__1920x1080_v2-center-top-600x536.jpg]
[moula.com.au/success-stories/bella-bronze-tan.html]
[moula.com.au/wp-content/uploads/2021/06/BellaBronze_1170x536_v2-center-768x352.jpg]
[moula.com.au/success-stories/white-clover.html]
[moula.com.au/wp-content/uploads/2021/04/WhiteClover_1170x536-center-768x352.jpg]
[moula.com.au/success-stories/scratch.html]
[moula.com.au/wp-content/uploads/2021/04/Scratch_1170x536-center-768x352.jpg]
[moula.com.au/small-business/vitrinemedia.html]
[moula.com.au/wp-content/uploads/2021/02/VitrineMedia_1170x536-center-768x352.jpg]
[moula.com.au/small-business/size-beautiful-emporium.html]
[moula.com.au/wp-content/uploads/2020/03/sizebeautiful_1170x536-center-768x352.jpg]
[moula.com.au/small-business/the-bbq-store.html]
[moula.com.au/wp-content/uploads/2020/02/BBQStore_1170x536-center-768x352.jpg]
[moula.com.au/small-business/nicholas-design.html]
[moula.com.au/wp-content/uploads/2019/10/NicholasDesign_1920x1080-YT-Preview-center-768x352.jpg]
[moula.com.au/small-business/dance-mafia.html]
[moula.com.au/wp-content/uploads/2019/10/DanceMafia_1170x536-center-768x352.jpg]
[moula.com.au/small-business/essential-food-services.html]
[moula.com.au/wp-content/uploads/2019/08/EssentialFoods_1170x536-center-768x352.jpg]
[moula.com.au/small-business/tomorrows-stars-basketball.html]
[moula.com.au/wp-content/uploads/2019/05/TSB_1920x880-center-768x352.jpg]
[moula.com.au/small-business/maison-design.html]
[moula.com.au/wp-content/uploads/2019/03/MaisonDesign_1920x880-center-768x352.jpg]
[moula.com.au/small-business/gourmet-living.html]
[moula.com.au/wp-content/uploads/2019/02/GourmetLiving_1920x880-center-768x352.jpg]
[moula.com.au/good-business/page/2.html]
[moula.com.au/good-business.html]
[moula.com.au/good-business/page/3.html]
[moula.com.au/wp-content/themes/moula-total/css/pages/blog.min37be.css]
[moula.com.au/wp-json/wp/v2/pages/13.json]
[moula.com.au/wp-json/oembed/1.0/embedba93.json]
[moula.com.au/wp-json/oembed/1.0/embedce74]
[moula.com.au/small-business/mental-health-week.html]
[moula.com.au/wp-content/uploads/2021/10/MentalHealthWeek_text_1170x536-center-768x352.png]
[moula.com.au/small-business/job-description.html]
[moula.com.au/wp-content/uploads/2021/09/JobDescription_text_1170x536-center-768x352.png]
[moula.com.au/small-business/local-community-engagement.html]
[moula.com.au/wp-content/uploads/2021/09/SupportLocal_text_1170x536-center-768x352.png]
[moula.com.au/finance/current-liabilities.html]
[moula.com.au/wp-content/uploads/2019/09/Whatarecurrentliabilities_1170x536-center-768x352.jpg]
[moula.com.au/small-business/find-office-space.html]
[moula.com.au/wp-content/uploads/2021/09/OfficeSpace_text_1170x536_v2-center-768x352.png]
[moula.com.au/small-business/imposter-syndrome.html]
[moula.com.au/wp-content/uploads/2021/09/ImposterSyndrome_text_1170x536-center-768x352.png]
[moula.com.au/small-business/customer-complaints.html]
[moula.com.au/wp-content/uploads/2021/09/CustomerComplaints_text_1170x536-center-768x352.png]
[moula.com.au/small-business/inventory-management.html]
[moula.com.au/wp-content/uploads/2017/08/Inventory-Management-Feature-center-768x352.jpg]
[moula.com.au/small-business/triple-bottom-line.html]
[moula.com.au/wp-content/uploads/2021/08/TripleBottomLine_1170x536-center-768x352.jpg]
[moula.com.au/small-business/multitasking.html]
[moula.com.au/wp-content/uploads/2021/08/Multitasking_1170x536-center-768x352.jpg]
[moula.com.au/small-business/qr-codes.html]
[moula.com.au/wp-content/uploads/2021/08/QRCodes_1170x536-center-768x352.jpg]
[moula.com.au/small-business/human-resource-management.html]
[moula.com.au/wp-content/uploads/2021/08/HumanResources_1170x536jpg-center-768x352.jpg]
[moula.com.au/blog/page/2.html]
[moula.com.au/blog/page/3.html]
[moula.com.au/blog/page/4.html]
[moula.com.au/blog/page/28.html]
[moula.com.au/news-and-media.html]
[moula.com.au/technology-and-innovation.html]
[moula.com.au/tax.html]
[moula.com.au/sales-and-marketing.html]
[moula.com.au/catastrophic-muck-ups.html]
[moula.com.au/press.html]
[moula.com.au/success-stories.html]
[moula.com.au/technology.html]
[moula.com.au/finance.html]
[moula.com.au/small-business.html]
[moula.com.au/blog.html]
[moula.com.au/wp-content/plugins/total-theme-core/inc/vcex/assets/js/vcex-responsive-text.minc2d0.js]
[moula.com.au/wp-json/wp/v2/pages/19083.json]
[moula.com.au/wp-json/oembed/1.0/embed4c28.json]
[moula.com.au/wp-json/oembed/1.0/embed03ed]
[moula.com.au/wp-content/uploads/2020/06/Moula-Team978d.jpg]
[moula.com.au/wp-content/uploads/2018/07/Transparent.svg]
[moula.com.au/wp-content/uploads/2018/02/Personal.svg]
[moula.com.au/wp-content/uploads/2018/02/SleepWell.svg]
[moula.com.au/wp-content/uploads/2018/02/GoodBusiness.svg]
[moula.com.au/wp-content/uploads/2018/02/Computers.svg]
[moula.com.au/wp-content/uploads/2020/06/FinTech-Australia-Membership-125x125.png]
[moula.com.au/wp-content/uploads/2020/06/AFIA-Membership-257x125.png]
[moula.com.au/wp-content/uploads/2020/07/PartnershipLogos_970@2x.png]
[moula.com.au/wp-content/uploads/2020/07/PartnershipLogos_342@2x.png]
[moula.com.au/about-us.html]
[moula.com.au/wp-content/themes/moula-total/css/pages/careers.min37be.css]
[moula.com.au/wp-json/wp/v2/pages/11766.json]
[moula.com.au/wp-json/oembed/1.0/embed98b7.json]
[moula.com.au/wp-json/oembed/1.0/embed37a4]
[moula.com.au/wp-content/uploads/2020/08/Career_header_mobcb1e.jpg]
[moula.com.au/wp-content/uploads/2020/08/top-startups-2019-australia.png]
[moula.com.au/careers.html]
[moula.com.au/wp-json/wp/v2/pages/19181.json]
[moula.com.au/wp-json/oembed/1.0/embed2eb8.json]
[moula.com.au/wp-json/oembed/1.0/embed7adb]
[moula.com.au/press/australian-mortgage-awards-2021.html]
[moula.com.au/wp-content/uploads/2020/05/Moula-Logo-Header-center-768x352.jpg]
[moula.com.au/press/let-go-of-banks.html]
[moula.com.au/press/world-of-opportunities.html]
[moula.com.au/press/home-for-overlooked-borrowers.html]
[moula.com.au/press/covid-19-green-shoots.html]
[moula.com.au/news-and-media/moula-expands-sales-team-may-2021.html]
[moula.com.au/press/budget-ai-investment.html]
[moula.com.au/press/fast-lender-panel.html]
[moula.com.au/wp-content/uploads/2021/03/MPD245-MoulaFAST_1170x536-center-768x352.jpg]
[moula.com.au/press/the-importance-of-competition.html]
[moula.com.au/news-and-media/moula-expands-sales-team.html]
[moula.com.au/press/fintechs-upbeat.html]
[moula.com.au/press/fintech-bright-side.html]
[moula.com.au/in-the-news/page/2.html]
[moula.com.au/in-the-news/page/3.html]
[moula.com.au/wp-content/uploads/2020/07/MediaLogo_1170@2x.png]
[moula.com.au/wp-content/uploads/2020/07/MediaLogo_342@2x.png]
[moula.com.au/in-the-news.html]
[moula.com.au/wp-json/wp/v2/pages/896.json]
[moula.com.au/wp-json/oembed/1.0/embed398a.json]
[moula.com.au/wp-json/oembed/1.0/embedb8e4]
[moula.com.au/wp-content/uploads/2018/01/Web_HeroBanners_1920x460-v4b.jpg]
[moula.com.au/finance/understanding-data-linking.html]
[moula.com.au/faq.html]
[moula.com.au/wp-content/plugins/total-theme-core/inc/vcex/assets/js/shortcodes/vcex-navbar_sticky.minc2d0.js]
[moula.com.au/wp-json/wp/v2/pages/82.json]
[moula.com.au/wp-json/oembed/1.0/embed1319.json]
[moula.com.au/wp-json/oembed/1.0/embed5240]
[moula.com.au/wp-content/uploads/2018/01/Web_HeroBanners_1920x460-v2.jpg]
[moula.com.au/contact-us.html]
[moula.com.au/wp-content/themes/moula-total/css/pages/get-started.min37be.css]
[moula.com.au/wp-json/wp/v2/pages/6820.json]
[moula.com.au/wp-json/oembed/1.0/embeda286.json]
[moula.com.au/wp-json/oembed/1.0/embed2518]
[moula.com.au/wp-content/uploads/2019/09/Getstarted_BG_1920x108074be.jpg]
[moula.com.au/get-started.html]
[moula.com.au/wp-content/uploads/2018/01/Cashflow.svg]
[moula.com.au/wp-content/uploads/2019/06/Inventory-MP.svg]
[moula.com.au/wp-content/uploads/2018/01/Overheads.svg]
[moula.com.au/wp-content/uploads/2018/01/PayDebts.svg]
[moula.com.au/wp-json/wp/v2/pages/78.json]
[moula.com.au/wp-json/oembed/1.0/embeda999.json]
[moula.com.au/terms-and-conditions.html]
[moula.com.au/wp-json/oembed/1.0/embedd248]
[moula.com.au/xhr.js]
[moula.com.au/GET]
[moula.com.au/lib/widget-management.js]
[widget.trustpilot.com/bootstrap/v5/tp.widget.bootstrap.min.js]
[moula.com.au/wp-content/uploads/2018/01/Business-Loan-Details.svg]
[moula.com.au/wp-content/uploads/2018/01/Link-Business-Loan-Data.svg]
[moula.com.au/wp-content/uploads/2018/01/Get-Business-Funds.svg]
[moula.com.au/wp-json/wp/v2/pages/10723.json]
[moula.com.au/wp-json/oembed/1.0/embed3912.json]
[moula.com.au/wp-json/oembed/1.0/embedb77e]
[moula.com.au/wp-content/uploads/2018/04/Smartcompany_1920x600-no-form7b07.jpg]
[moula.com.au/wp-content/uploads/2018/02/Spectre-Meltdown-Feature-4.jpg]
[moula.com.au/press/ashley-miller-moula-cfo]
[moula.com.au/press/moula-attracts-20-million-growth-funds.html]
[moula.com.au/press/fast-tracking-payments.html]
[moula.com.au/wp-content/uploads/resources/Moula-Logo-Assets.zip]
[moula.com.au/wp-content/uploads/2019/09/moula-backing-good-business-logo-primary.png]
[moula.com.au/wp-content/uploads/2019/09/moula-backing-good-business-logo-secondary.png]
[moula.com.au/press-resources.html]
[moula.com.au/wp-json/wp/v2/pages/74.json]
[moula.com.au/wp-json/oembed/1.0/embed3c94.json]
[moula.com.au/wp-json/oembed/1.0/embedbbe9]
[moula.com.au/hidden.html]
[moula.com.au/featured-posts.html]
[moula.com.au/privacy-and-credit-policies.html]
[moula.com.au/wp-json/wp/v2/pages/76.json]
[moula.com.au/wp-json/oembed/1.0/embedbcf4.json]
[moula.com.au/wp-json/oembed/1.0/embeded14]
[moula.com.au/wp-content/uploads/2018/02/Web_HeroBanners_1920x460-v11.jpg]
[moula.com.au/feedback.html]
[moula.com.au/wp-content/themes/Total/assets/lib/hover-css/hover-css.min7406.css]
[moula.com.au/wp-content/plugins/js_composer/assets/lib/bower/font-awesome/css/v4-shims.min31dc.css]
[moula.com.au/wp-content/plugins/js_composer/assets/lib/bower/font-awesome/webfonts/fa-brands-400.eot]
[moula.com.au/wp-content/plugins/js_composer/assets/lib/bower/font-awesome/webfonts/fa-brands-400d41d.eot]
[moula.com.au/wp-content/plugins/js_composer/assets/lib/bower/font-awesome/webfonts/fa-brands-400.woff2]
[moula.com.au/wp-content/plugins/js_composer/assets/lib/bower/font-awesome/webfonts/fa-brands-400.woff]
[moula.com.au/wp-content/plugins/js_composer/assets/lib/bower/font-awesome/webfonts/fa-brands-400.ttf]
[moula.com.au/wp-content/plugins/js_composer/assets/lib/bower/font-awesome/webfonts/fa-regular-400.eot]
[moula.com.au/wp-content/plugins/js_composer/assets/lib/bower/font-awesome/webfonts/fa-brands-400.svg]
[moula.com.au/wp-content/plugins/js_composer/assets/lib/bower/font-awesome/webfonts/fa-regular-400d41d.eot]
[moula.com.au/wp-content/plugins/js_composer/assets/lib/bower/font-awesome/webfonts/fa-regular-400.woff2]
[moula.com.au/wp-content/plugins/js_composer/assets/lib/bower/font-awesome/webfonts/fa-regular-400.woff]
[moula.com.au/wp-content/plugins/js_composer/assets/lib/bower/font-awesome/webfonts/fa-regular-400.ttf]
[moula.com.au/wp-content/plugins/js_composer/assets/lib/bower/font-awesome/webfonts/fa-regular-400.svg]
[moula.com.au/wp-content/plugins/js_composer/assets/lib/bower/font-awesome/webfonts/fa-solid-900.eot]
[moula.com.au/wp-content/plugins/js_composer/assets/lib/bower/font-awesome/webfonts/fa-solid-900d41d.eot]
[moula.com.au/wp-content/plugins/js_composer/assets/lib/bower/font-awesome/webfonts/fa-solid-900.woff2]
[moula.com.au/wp-content/plugins/js_composer/assets/lib/bower/font-awesome/webfonts/fa-solid-900.woff]
[moula.com.au/wp-content/plugins/js_composer/assets/lib/bower/font-awesome/webfonts/fa-solid-900.ttf]
[moula.com.au/wp-content/plugins/js_composer/assets/lib/bower/font-awesome/css/all.min31dc.css]
[moula.com.au/wp-content/themes/Total/assets/lib/fancybox/jquery.fancybox.minf8ee.css]
[moula.com.au/wp-content/themes/Total/assets/css/fancybox-skins/wpex-fancybox-light5152.css]
[moula.com.au/wp-content/plugins/js_composer/assets/css/js_composer_tta.min31dc.css]
[moula.com.au/wp-content/plugins/js_composer/assets/fonts/vc_icons_v2/fonts/vcpb-plugin-iconsb82a.svg]
[moula.com.au/wp-content/plugins/js_composer/assets/vc/blur.svg]
[moula.com.au/wp-content/plugins/js_composer/assets/fonts/vc_grid/vc_grid_v157a1.svg]
[moula.com.au/wp-content/themes/moula/images/content/icons/play.html]
[moula.com.au/wp-content/themes/Total/assets/lib/ticons/fonts/ticons.svg]
[moula.com.au/wp-content/themes/moula-total/css/pages/pricing.min37be.css]
[moula.com.au/index6cf3.html]
[moula.com.au/wp-content/uploads/2019/03/Calculator_white.svg]
[moula.com.au/wp-content/themes/moula-total/css/pages/smartbox.min37be.css]
[moula.com.au/indexc8b2.html]
[moula.com.au/wp-content/themes/moula-total/css/pages/partner-program.min37be.css]
[moula.com.au/index3758.html]
[moula.com.au/wp-content/uploads/2020/05/BestProduct.svg]
[moula.com.au/wp-content/uploads/2018/06/ApplicationFees.svg]
[moula.com.au/wp-content/uploads/2018/07/Faster.svg]
[moula.com.au/wp-content/uploads/2019/09/Growth.svg]
[moula.com.au/wp-content/uploads/2019/09/Moula_RGB_Reverse.svg]
[moula.com.au/wp-content/themes/moula-total/css/pages/customer-stories.min37be.css]
[moula.com.au/indexe2c5.html]
[moula.com.au/wp-content/plugins/js_composer/assets/lib/bower/font-awesome/webfonts/fa-solid-900.svg]
[moula.com.au/wp-json/wp/v2/posts/21775.json]
[moula.com.au/wp-json/oembed/1.0/embed79b9.json]
[moula.com.au/wp-json/oembed/1.0/embeddbac]
[moula.com.au/author/team-moula.html]
[moula.com.au/wp-content/uploads/2021/07/ElomentsTea-4.jpg]
[moula.com.au/wp-content/uploads/2021/07/ElomentsTea-2.jpg]
[moula.com.au/wp-content/uploads/2021/07/ElomentsTea-6.jpg]
[moula.com.au/wp-content/uploads/2019/12/Moula-Icon-RGB-150x150.png]
[moula.com.au/success-stories/eloments.html]
[moula.com.au/wp-json/wp/v2/posts/21681.json]
[moula.com.au/wp-json/oembed/1.0/embede597.json]
[moula.com.au/wp-json/oembed/1.0/embed73c7]
[moula.com.au/wp-content/uploads/2021/06/BellaBronze-1.jpg]
[moula.com.au/wp-content/uploads/2021/06/BellaBronze-2.jpg]
[moula.com.au/wp-content/uploads/2021/06/BellaBronze-3.jpg]
[moula.com.au/wp-content/uploads/2021/06/BellaBronze-5.jpg]
[moula.com.au/wp-content/uploads/2021/06/BellaBronze-4.jpg]
[moula.com.au/wp-content/uploads/2021/07/ElomentsTea__1920x1080_v2-center-768x352.jpg]
[moula.com.au/success-stories/bella-bronze-tan.html]
[moula.com.au/wp-json/wp/v2/posts/21282.json]
[moula.com.au/wp-json/oembed/1.0/embed1883.json]
[moula.com.au/wp-json/oembed/1.0/embed65a9]
[moula.com.au/wp-content/uploads/2021/04/WhiteClover-2.jpg]
[moula.com.au/wp-content/uploads/2021/04/WhiteClover-1.jpg]
[moula.com.au/wp-content/uploads/2021/04/WhiteClover-5.jpg]
[moula.com.au/wp-content/uploads/2021/04/WhiteClover-3.jpg]
[moula.com.au/success-stories/white-clover.html]
[moula.com.au/wp-json/wp/v2/posts/21192.json]
[moula.com.au/wp-json/oembed/1.0/embedbe3a.json]
[moula.com.au/wp-json/oembed/1.0/embed143e]
[moula.com.au/wp-content/uploads/2021/04/Scratch-6.jpg]
[moula.com.au/wp-content/uploads/2021/04/Scratch-5.jpg]
[moula.com.au/wp-content/uploads/2021/04/Scratch-1.jpg]
[moula.com.au/wp-content/uploads/2021/04/Scratch-4.jpg]
[moula.com.au/success-stories/scratch.html]
[moula.com.au/wp-json/wp/v2/posts/20886.json]
[moula.com.au/wp-json/oembed/1.0/embed9299.json]
[moula.com.au/wp-json/oembed/1.0/embed0011]
[moula.com.au/wp-content/uploads/2021/02/Vitrine-Media-1.jpg]
[moula.com.au/wp-content/uploads/2021/02/Vitrine-Media-2.jpg]
[moula.com.au/wp-content/uploads/2021/02/Vitrine-Media-3.jpg]
[moula.com.au/finance/government-increases-instant-asset-write-off.html]
[moula.com.au/wp-content/uploads/2020/03/Moula-asset_write_off_1170x536_2-center-768x352.jpg]
[moula.com.au/small-business/return-on-experience.html]
[moula.com.au/wp-content/uploads/2021/04/ROX_1170x536-center-768x352.jpg]
[moula.com.au/small-business/sole-trader-faqs.html]
[moula.com.au/wp-content/uploads/2021/07/SoleTrader_1170x536-center-768x352.jpg]
[moula.com.au/small-business/vitrinemedia.html]
[moula.com.au/wp-json/wp/v2/posts/18286.json]
[moula.com.au/small-business/size-beautiful-emporium.html]
[moula.com.au/small-business/the-bbq-store.html]
[moula.com.au/small-business/nicholas-design.html]
[moula.com.au/small-business/dance-mafia.html]
[moula.com.au/small-business/essential-food-services.html]
[moula.com.au/wp-json/oembed/1.0/embed55c8.html]
[moula.com.au/small-business/tomorrows-stars-basketball.html]
[moula.com.au/small-business/maison-design.html]
[moula.com.au/small-business/gourmet-living.html]
[moula.com.au/good-business/page/2.html]
[moula.com.au/good-business/page/3.html]
[moula.com.au/wp-content/themes/moula-total/css/pages/blog.min37be.css]
[moula.com.au/index2dc4.html]
[moula.com.au/small-business/mental-health-week.html]
[moula.com.au/small-business/job-description.html]
[moula.com.au/small-business/local-community-engagement.html]
[moula.com.au/finance/current-liabilities.html]
[moula.com.au/small-business/find-office-space.html]
[moula.com.au/small-business/imposter-syndrome.html]
[moula.com.au/small-business/customer-complaints.html]
[moula.com.au/small-business/inventory-management.html]
[moula.com.au/small-business/triple-bottom-line.html]
[moula.com.au/small-business/multitasking.html]
[moula.com.au/small-business/qr-codes.html]
[moula.com.au/small-business/human-resource-management.html]
[moula.com.au/blog/page/2.html]
[moula.com.au/blog/page/3.html]
[moula.com.au/blog/page/4.html]
[moula.com.au/blog/page/28.html]
[moula.com.au/news-and-media.html]
[moula.com.au/technology-and-innovation.html]
[moula.com.au/tax.html]
[moula.com.au/sales-and-marketing.html]
[moula.com.au/catastrophic-muck-ups.html]
[moula.com.au/press.html]
[moula.com.au/success-stories.html]
[moula.com.au/technology.html]
[moula.com.au/finance.html]
[moula.com.au/small-business.html]
[moula.com.au/index40ac.html]
[moula.com.au/wp-content/uploads/2018/07/Transparent.svg]
[moula.com.au/wp-content/uploads/2018/02/Personal.svg]
[moula.com.au/wp-content/uploads/2018/02/SleepWell.svg]
[moula.com.au/wp-content/uploads/2018/02/GoodBusiness.svg]
[moula.com.au/wp-content/uploads/2018/02/Computers.svg]
[moula.com.au/wp-content/themes/moula-total/css/pages/careers.min37be.css]
[moula.com.au/index866f.html]
[moula.com.au/index85ff.html]
[moula.com.au/press/australian-mortgage-awards-2021.html]
[moula.com.au/press/let-go-of-banks.html]
[moula.com.au/press/world-of-opportunities.html]
[moula.com.au/press/home-for-overlooked-borrowers.html]
[moula.com.au/press/covid-19-green-shoots.html]
[moula.com.au/news-and-media/moula-expands-sales-team-may-2021.html]
[moula.com.au/press/budget-ai-investment.html]
[moula.com.au/press/fast-lender-panel.html]
[moula.com.au/press/the-importance-of-competition.html]
[moula.com.au/news-and-media/moula-expands-sales-team.html]
[moula.com.au/press/fintechs-upbeat.html]
[moula.com.au/press/fintech-bright-side.html]
[moula.com.au/in-the-news/page/2.html]
[moula.com.au/in-the-news/page/3.html]
[moula.com.au/indexa290.html]
[moula.com.au/finance/understanding-data-linking.html]
[moula.com.au/index287b.html]
[moula.com.au/wp-content/themes/moula-total/css/pages/get-started.min37be.css]
[moula.com.au/index3c8e.html]
[www.officeworks.com.au/web-ui-kit/current/images/components--brand--logo-small.html]
[www.officeworks.com.au/web-ui-kit/current/images/components--brand--logo.html]
[moula.com.au/index7896.html]
[moula.com.au/xhr.html]
[moula.com.au/GET.html]
[moula.com.au/lib/widget-management.html]
[moula.com.au/indexcd78.html]
[moula.com.au/press/ashley-miller-moula-cfo.html]
[moula.com.au/press/moula-attracts-20-million-growth-funds.html]
[moula.com.au/press/fast-tracking-payments.html]
[moula.com.au/index49a5.html]
[moula.com.au/hidden.html]
[moula.com.au/featured-posts.html]
[moula.com.au/index04cd.html]
[moula.com.au/wp-content/plugins/js_composer/assets/lib/bower/font-awesome/webfonts/fa-brands-400.svg]
[moula.com.au/wp-content/plugins/js_composer/assets/lib/bower/font-awesome/webfonts/fa-regular-400.svg]
[moula.com.au/wp-content/plugins/js_composer/assets/lib/bower/font-awesome/webfonts/fa-solid-900.svg]
[moula.com.au/index47e8.html]
[moula.com.au/author/team-moula.html]
[moula.com.au/indexd04e.html]
[moula.com.au/index4197.html]
[moula.com.au/index5566.html]
[moula.com.au/index1caf.html]
[moula.com.au/finance/government-increases-instant-asset-write-off.html]
[moula.com.au/small-business/return-on-experience.html]
[moula.com.au/small-business/sole-trader-faqs.html]
[moula.com.au/index76ca.html]
